[2025-11-27 19:27:25,287]  WARN {config_sql.py:364} Log path /config/calibre-web.log not valid, falling back to default
[2025-11-27 19:27:25,296]  WARN {config_sql.py:364} Log path  not valid, falling back to default
[2025-11-27 20:06:25,980]  WARN {config_sql.py:364} Log path  not valid, falling back to default
[2025-11-27 20:06:25,995]  INFO {__init__.py:177} Starting Calibre Web...
[2025-11-27 20:06:26,275]  WARN {config_sql.py:400} invalidating configuration
[2025-11-27 20:06:26,275]  WARN {config_sql.py:364} Log path  not valid, falling back to default
[2025-11-27 20:06:26,279]  WARN {warnings.py:110} /lsiopy/lib/python3.12/site-packages/flask_limiter/extension.py:324: UserWarning: Using the in-memory storage for tracking rate limits as no storage was explicitly specified. This is not recommended for production use. See: https://flask-limiter.readthedocs.io#configuring-a-storage-backend for documentation about configuring the storage backend.
  warnings.warn(

[2025-11-27 20:06:26,391]  INFO {base.py:214} Scheduler started
[2025-11-27 20:06:26,391]  INFO {base.py:1090} Added job "delete temp" to job store "default"
[2025-11-27 20:06:26,391]  INFO {base.py:1090} Added job "end scheduled task" to job store "default"
[2025-11-27 20:06:26,391]  INFO {base.py:1090} Added job "immediately delete temp" to job store "default"
[2025-11-27 20:06:26,391]  INFO {base.py:129} Running job "immediately delete temp (trigger: date[2025-11-27 20:06:26 -03], next run at: 2025-11-27 20:06:26 -03)" (scheduled at 2025-11-27 20:06:26.391680-03:00)
[2025-11-27 20:06:26,391]  INFO {base.py:728} Removed job 93a414a968334a1b9bfa41d10b45d003
[2025-11-27 20:06:26,392]  INFO {base.py:156} Job "immediately delete temp (trigger: date[2025-11-27 20:06:26 -03], next run at: 2025-11-27 20:06:26 -03)" executed successfully
[2025-11-27 20:06:26,481]  INFO {ub.py:764} github Blueprint Created
[2025-11-27 20:06:26,485]  INFO {ub.py:764} google Blueprint Created
[2025-11-27 20:06:27,097]  INFO {server.py:218} Starting Gevent server on [::]:8083
[2025-11-27 20:17:45,807]  INFO {server.py:319} webserver stop (restart=False)
[2025-11-27 20:17:45,807]  INFO {base.py:245} Scheduler has been shut down
[2025-11-27 20:17:45,808]  INFO {server.py:298} Performing shutdown of Calibre-Web
[2025-11-27 20:17:56,390]  WARN {config_sql.py:364} Log path  not valid, falling back to default
[2025-11-27 20:17:56,402]  INFO {__init__.py:177} Starting Calibre Web...
[2025-11-27 20:17:56,663]  WARN {config_sql.py:400} invalidating configuration
[2025-11-27 20:17:56,663]  WARN {config_sql.py:364} Log path  not valid, falling back to default
[2025-11-27 20:17:56,666]  WARN {warnings.py:110} /lsiopy/lib/python3.12/site-packages/flask_limiter/extension.py:324: UserWarning: Using the in-memory storage for tracking rate limits as no storage was explicitly specified. This is not recommended for production use. See: https://flask-limiter.readthedocs.io#configuring-a-storage-backend for documentation about configuring the storage backend.
  warnings.warn(

[2025-11-27 20:17:56,748]  INFO {base.py:214} Scheduler started
[2025-11-27 20:17:56,748]  INFO {base.py:1090} Added job "delete temp" to job store "default"
[2025-11-27 20:17:56,749]  INFO {base.py:1090} Added job "end scheduled task" to job store "default"
[2025-11-27 20:17:56,749]  INFO {base.py:1090} Added job "immediately delete temp" to job store "default"
[2025-11-27 20:17:56,749]  INFO {base.py:129} Running job "immediately delete temp (trigger: date[2025-11-27 20:17:56 -03], next run at: 2025-11-27 20:17:56 -03)" (scheduled at 2025-11-27 20:17:56.749234-03:00)
[2025-11-27 20:17:56,749]  INFO {base.py:728} Removed job ca7d9097e1d649de87f4b5d1e1ae4bc4
[2025-11-27 20:17:56,759]  INFO {base.py:156} Job "immediately delete temp (trigger: date[2025-11-27 20:17:56 -03], next run at: 2025-11-27 20:17:56 -03)" executed successfully
[2025-11-27 20:17:57,420]  INFO {server.py:218} Starting Gevent server on [::]:8083
[2025-11-27 20:30:36,826]  INFO {server.py:319} webserver stop (restart=False)
[2025-11-27 20:30:36,826]  INFO {base.py:245} Scheduler has been shut down
[2025-11-27 20:30:36,827]  INFO {server.py:298} Performing shutdown of Calibre-Web
